// Jest Snapshot v1, https://goo.gl/fbAQLP

exports[`Loading component tests Snapshot test 1`] = `
<div
  className="loading"
>
  <div />
  <div />
  <div />
  <div />
  <div />
  <div />
  <div />
  <div />
  <div />
  <div />
  <div />
  <div />
</div>
`;
